// Jest Snapshot v1, https://goo.gl/fbAQLP

exports[`Sticky header renders 1`] = `
"<div id=\\"continuum-sticky-header\\" class=\\"continuum-sticky-header\\">
	<div class=\\"continuum-sticky-header-start\\">
		<div class=\\"continuum-sticky-header-icon-start continuum-button-flush-left continuum-button-flush-right\\" aria-hidden=\\"true\\">
<button class=\\"cdx-button cdx-button--weight-quiet cdx-button--icon-only continuum-sticky-header-search-toggle\\" data-event-name=\\"ui.continuum-sticky-search-form.icon\\" tabindex=\\"-1\\"><span class=\\"continuum-icon mw-ui-icon-search mw-ui-icon-wikimedia-search\\"></span>

<span>search</span>
</button>
		</div>
<div> </div>		<div class=\\"continuum-sticky-header-context-bar\\">
			<nav aria-label=\\"\\" class=\\"continuum-toc-landmark\\">
<div id=\\"continuum-sticky-header-toc\\" class=\\"continuum-dropdown mw-portlet mw-portlet-sticky-header-toc continuum-sticky-header-toc\\">
	<input type=\\"checkbox\\" id=\\"continuum-sticky-header-toc-checkbox\\" role=\\"button\\" aria-haspopup=\\"true\\" data-event-name=\\"ui.dropdown-continuum-sticky-header-toc\\" class=\\"continuum-dropdown-checkbox\\" aria-label=\\"\\" tabindex=\\"-1\\">
	<label id=\\"continuum-sticky-header-toc-label\\" for=\\"continuum-sticky-header-toc-checkbox\\" class=\\"continuum-dropdown-label cdx-button cdx-button--weight-quiet cdx-button--icon-only\\" aria-hidden=\\"true\\" tabindex=\\"-1\\"><span class=\\"continuum-dropdown-label-text\\"></span>
	</label>
	<div class=\\"continuum-dropdown-content\\">

	</div>
</div>
			</nav>
			<div class=\\"continuum-sticky-header-context-bar-primary\\" aria-hidden=\\"true\\"></div>
		</div>
	</div>
	<div class=\\"continuum-sticky-header-end\\" aria-hidden=\\"true\\">
		<div class=\\"continuum-sticky-header-icons\\">
<a href=\\"#\\" class=\\"cdx-button cdx-button--weight-quiet cdx-button--icon-only sticky-header-icon\\" id=\\"ca-talk-sticky-header\\" data-event-name=\\"talk-sticky-header\\" tabindex=\\"-1\\"><span class=\\"continuum-icon mw-ui-icon-speechBubbles mw-ui-icon-wikimedia-speechBubbles\\"></span>

<span></span>
</a>
<a href=\\"#\\" class=\\"cdx-button cdx-button--weight-quiet cdx-button--icon-only sticky-header-icon\\" id=\\"ca-history-sticky-header\\" data-event-name=\\"history-sticky-header\\" tabindex=\\"-1\\"><span class=\\"continuum-icon mw-ui-icon-history mw-ui-icon-wikimedia-history\\"></span>

<span></span>
</a>
<a href=\\"#\\" class=\\"cdx-button cdx-button--weight-quiet cdx-button--icon-only sticky-header-icon mw-watchlink\\" id=\\"ca-watchstar-sticky-header\\" data-event-name=\\"watch-sticky-header\\" tabindex=\\"-1\\"><span class=\\"continuum-icon mw-ui-icon-star mw-ui-icon-wikimedia-star\\"></span>

<span></span>
</a>
<a href=\\"#\\" class=\\"cdx-button cdx-button--weight-quiet cdx-button--icon-only sticky-header-icon\\" id=\\"ca-ve-edit-sticky-header\\" data-event-name=\\"ve-edit-sticky-header\\" tabindex=\\"-1\\"><span class=\\"continuum-icon mw-ui-icon-edit mw-ui-icon-wikimedia-edit\\"></span>

<span></span>
</a>
<a href=\\"#\\" class=\\"cdx-button cdx-button--weight-quiet cdx-button--icon-only sticky-header-icon\\" id=\\"ca-edit-sticky-header\\" data-event-name=\\"wikitext-edit-sticky-header\\" tabindex=\\"-1\\"><span class=\\"continuum-icon mw-ui-icon-wikiText mw-ui-icon-wikimedia-wikiText\\"></span>

<span></span>
</a>
<a href=\\"#\\" class=\\"cdx-button cdx-button--weight-quiet cdx-button--icon-only sticky-header-icon\\" id=\\"ca-viewsource-sticky-header\\" data-event-name=\\"editLock\\" tabindex=\\"-1\\"><span class=\\"continuum-icon mw-ui-icon-star mw-ui-icon-wikimedia-star\\"></span>

<span></span>
</a>
		</div>
		<div class=\\"continuum-sticky-header-buttons\\">
<button class=\\"cdx-button cdx-button--weight-quiet mw-interlanguage-selector\\" id=\\"p-lang-btn-sticky-header\\" data-event-name=\\"ui.dropdown-p-lang-btn-sticky-header\\" tabindex=\\"-1\\"><span>0 languages</span>
</button>
		</div>
		<div class=\\"continuum-sticky-header-icon-end\\">
			<div class=\\"continuum-user-links\\">
			</div>
		</div>
	</div>
</div>
"
`;
